// Jest Snapshot v1, https://goo.gl/fbAQLP

exports[`footer renders correctly 1`] = `
<div>
  <footer
    class="mx-auto w-full max-w-screen-xl px-8"
  >
    <div
      class="text-5 flex flex-col items-center gap-12 border-t border-t-gray-200 py-8 text-center text-secondary-400 md:flex-row-reverse md:justify-between"
    >
      <div
        class="flex gap-4"
      >
        <a
          href="#"
        >
          Terms
        </a>
        <a
          href="#"
        >
          Privacy
        </a>
        <a
          href="#"
        >
          Cookies
        </a>
      </div>
      <p>
        Â© 2023 Acme Co. All rights reserved.
      </p>
    </div>
  </footer>
</div>
`;
