// Jest Snapshot v1, https://goo.gl/fbAQLP

exports[`Hero renders the component correctly 1`] = `
<div>
  <div
    class="mx-auto w-full flex max-w-screen-xl flex-col items-center px-8 text-center"
  >
    <h1
      class="title-1 mb-4 text-secondary-900 sm:mb-6"
    >
      Hero title
    </h1>
    <p
      class="text-2 mb-8 max-w-3xl text-secondary-400 sm:mb-12"
    >
      Hero description
    </p>
    <div
      class="flex flex-col items-center justify-center gap-3 self-stretch sm:flex-row"
    >
      <a
        class="button button-lg "
        href="#"
      >
        Get started
      </a>
    </div>
  </div>
</div>
`;
