// Jest Snapshot v1, https://goo.gl/fbAQLP

exports[`Callout renders the component correctly 1`] = `
<div>
  <div
    class="mx-auto w-full max-w-screen-xl px-8"
  >
    <div
      class="flex flex-col items-start justify-between gap-8 rounded-2xl bg-secondary-800 p-8 xl:flex-row xl:p-16"
    >
      <div
        class="flex flex-col items-start gap-4"
      >
        <h2
          class="title-2 text-white"
        >
          Callout title
        </h2>
        <p
          class="text-1 text-white"
        >
          Callout description
        </p>
      </div>
      <a
        class="button button-md "
        href="#"
      >
        Callout button
      </a>
    </div>
  </div>
</div>
`;
