// Jest Snapshot v1, https://goo.gl/fbAQLP

exports[`Block renders the Callout based on the provided type 1`] = `
<div>
  <div
    class="mx-auto w-full max-w-screen-xl px-8"
  >
    <div
      class="flex flex-col items-start justify-between gap-8 rounded-2xl bg-secondary-800 p-8 xl:flex-row xl:p-16"
    >
      <div
        class="flex flex-col items-start gap-4"
      >
        <h2
          class="title-2 text-white"
        >
          Start your 30-day free trial
        </h2>
        <p
          class="text-1 text-white"
        >
          Join over 4,000+ startups already growing with us.
        </p>
      </div>
      <a
        class="button button-md "
        href="#"
      >
        Get started
      </a>
    </div>
  </div>
</div>
`;

exports[`Block renders the FeatureSection based on the provided type 1`] = `
<div>
  <div
    class="mx-auto flex max-w-screen-xl flex-col gap-12 px-8  lg:flex-row lg:items-center lg:gap-24"
  >
    <div
      class="flex flex-col items-start lg:flex-1"
    >
      <p
        class="text-4"
      >
        feature section label
      </p>
      <h2
        class="title-2 mb-4"
      >
        feature section title
      </h2>
      <p
        class="text-3 text-secondary-600"
      >
        As a composable and headless platform, Acme works with all your preferred frontend frameworks, existing systems, GraphQL and REST APIs.
      </p>
      <a
        class="button button-lg mt-8"
        href="#"
      >
        Get started
      </a>
    </div>
    <div
      class="flex justify-center lg:flex-1 lg:rounded-3xl lg:bg-secondary-100"
    >
      <img
        alt="Stats page showing a profile views chart and a chat window"
        class="rounded border border-gray-50 min-w-0 lg:m-10"
        data-nimg="1"
        decoding="async"
        height="320"
        loading="lazy"
        src="/_next/image?url=https%3A%2F%2Fmedia.graphassets.com%2Fbbd3PKNcTBGVkNbcois7&w=1080&q=75"
        srcset="/_next/image?url=https%3A%2F%2Fmedia.graphassets.com%2Fbbd3PKNcTBGVkNbcois7&w=640&q=75 1x, /_next/image?url=https%3A%2F%2Fmedia.graphassets.com%2Fbbd3PKNcTBGVkNbcois7&w=1080&q=75 2x"
        style="color: transparent;"
        width="480"
      />
    </div>
  </div>
</div>
`;

exports[`Block renders the Hero based on the provided type 1`] = `
<div>
  <div
    class="mx-auto w-full flex max-w-screen-xl flex-col items-center px-8 text-center"
  >
    <h1
      class="title-1 mb-4 text-secondary-900 sm:mb-6"
    >
      Hero title
    </h1>
    <p
      class="text-2 mb-8 max-w-3xl text-secondary-400 sm:mb-12"
    >
      Hero description
    </p>
    <div
      class="flex flex-col items-center justify-center gap-3 self-stretch sm:flex-row"
    >
      <a
        class="button button-lg "
        href="#"
      >
        Get started
      </a>
    </div>
  </div>
</div>
`;
